// Vitest Snapshot v1, https://vitest.dev/guide/snapshot.html

exports[`api > should return a correct cloudformation snapshot 1`] = `
{
  "Description": "Defines the components for the a2a service",
  "Mappings": {
    "AWSCloudFrontPartitionHostedZoneIdMap": {
      "aws": {
        "zoneId": "Z2FDTNDATAQYW2",
      },
      "aws-cn": {
        "zoneId": "Z3RFFRIM2A3IF5",
      },
    },
  },
  "Outputs": {
    "A2aUiFargateServiceLoadBalancerDNS9B2EB5F7": {
      "Value": {
        "Fn::GetAtt": [
          "A2aUiFargateServiceLBF3F8D114",
          "DNSName",
        ],
      },
    },
    "A2aUiFargateServiceServiceURL9F7F5F9D": {
      "Value": {
        "Fn::Join": [
          "",
          [
            "https://",
            {
              "Fn::GetAtt": [
                "A2aUiFargateServiceLBF3F8D114",
                "DNSName",
              ],
            },
          ],
        ],
      },
    },
  },
  "Parameters": {
    "BootstrapVersion": {
      "Default": "/cdk-bootstrap/hnb659fds/version",
      "Description": "Version of the CDK Bootstrap resources in this environment, automatically retrieved from SSM Parameter Store. [cdk:skip]",
      "Type": "AWS::SSM::Parameter::Value<String>",
    },
    "SsmParameterValueawsserviceawsforfluentbitlatestC96584B6F00A464EAD1953AFF4B05118Parameter": {
      "Default": "/aws/service/aws-for-fluent-bit/latest",
      "Type": "AWS::SSM::Parameter::Value<String>",
    },
  },
  "Resources": {
    "A2aUiApiDNS24BDC05E": {
      "Properties": {
        "AliasTarget": {
          "DNSName": {
            "Fn::GetAtt": [
              "A2aUiApiDistributionBE66F9DA",
              "DomainName",
            ],
          },
          "HostedZoneId": {
            "Fn::FindInMap": [
              "AWSCloudFrontPartitionHostedZoneIdMap",
              {
                "Ref": "AWS::Partition",
              },
              "zoneId",
            ],
          },
        },
        "HostedZoneId": "DUMMY",
        "Name": "a2a-ui.stackone-exp.com.",
        "Type": "A",
      },
      "Type": "AWS::Route53::RecordSet",
    },
    "A2aUiApiDistributionBE66F9DA": {
      "Properties": {
        "DistributionConfig": {
          "Aliases": [
            "a2a.stackone-exp.com",
          ],
          "DefaultCacheBehavior": {
            "AllowedMethods": [
              "GET",
              "HEAD",
              "OPTIONS",
              "PUT",
              "PATCH",
              "POST",
              "DELETE",
            ],
            "CachePolicyId": "4135ea2d-6df8-44a3-9df3-4b5a84be39ad",
            "Compress": true,
            "OriginRequestPolicyId": "216adef6-5c7f-47e4-b989-5492eafa07d3",
            "TargetOriginId": "a2auiA2aUiApiDistributionOrigin1C53FED73",
            "ViewerProtocolPolicy": "redirect-to-https",
          },
          "Enabled": true,
          "HttpVersion": "http2",
          "IPV6Enabled": true,
          "Origins": [
            {
              "CustomOriginConfig": {
                "OriginProtocolPolicy": "https-only",
                "OriginSSLProtocols": [
                  "TLSv1.2",
                ],
              },
              "DomainName": {
                "Fn::GetAtt": [
                  "A2aUiFargateServiceLBF3F8D114",
                  "DNSName",
                ],
              },
              "Id": "a2auiA2aUiApiDistributionOrigin1C53FED73",
            },
          ],
          "ViewerCertificate": {
            "AcmCertificateArn": "arn:aws:acm:us-east-1:553332017094:certificate/4e1499e8-01b2-4486-a316-743d6e80b03d",
            "MinimumProtocolVersion": "TLSv1.2_2021",
            "SslSupportMethod": "sni-only",
          },
          "WebACLId": "arn:aws:wafv2:us-east-1:553332017094:global/webacl/CloudFrontWebAcl/3f536158-73ee-4825-91aa-71122ffac2d1",
        },
      },
      "Type": "AWS::CloudFront::Distribution",
    },
    "A2aUiApiSGE3AD0CFC": {
      "Properties": {
        "GroupDescription": "a2a-ui/A2aUi/ApiSG",
        "GroupName": "a2a-ui-a2a-ui-sg",
        "SecurityGroupEgress": [
          {
            "CidrIp": "0.0.0.0/0",
            "Description": "Allow all outbound traffic by default",
            "IpProtocol": "-1",
          },
        ],
        "VpcId": "vpc-12345",
      },
      "Type": "AWS::EC2::SecurityGroup",
    },
    "A2aUiApiSGfroma2auiA2aUiFargateServiceLBSecurityGroup57DBE99F30006DFA4AE3": {
      "Properties": {
        "Description": "Load balancer to target",
        "FromPort": 3000,
        "GroupId": {
          "Fn::GetAtt": [
            "A2aUiApiSGE3AD0CFC",
            "GroupId",
          ],
        },
        "IpProtocol": "tcp",
        "SourceSecurityGroupId": {
          "Fn::GetAtt": [
            "A2aUiFargateServiceLBSecurityGroup3D7D3028",
            "GroupId",
          ],
        },
        "ToPort": 3000,
      },
      "Type": "AWS::EC2::SecurityGroupIngress",
    },
    "A2aUiFargateServiceBE1D5F3D": {
      "DependsOn": [
        "A2aUiFargateServiceLBPublicListenerECSGroupF6100B60",
        "A2aUiFargateServiceLBPublicListener44FD8763",
        "A2aUiRoleDefaultPolicy56621E68",
        "A2aUiRole1BDF4470",
      ],
      "Properties": {
        "Cluster": {
          "Ref": "ClusterEB0386A7",
        },
        "DeploymentConfiguration": {
          "Alarms": {
            "AlarmNames": [],
            "Enable": false,
            "Rollback": false,
          },
          "MaximumPercent": 200,
          "MinimumHealthyPercent": 50,
        },
        "DesiredCount": 1,
        "EnableECSManagedTags": true,
        "EnableExecuteCommand": true,
        "HealthCheckGracePeriodSeconds": 120,
        "LaunchType": "FARGATE",
        "LoadBalancers": [
          {
            "ContainerName": "a2a",
            "ContainerPort": 3000,
            "TargetGroupArn": {
              "Ref": "A2aUiFargateServiceLBPublicListenerECSGroupF6100B60",
            },
          },
        ],
        "NetworkConfiguration": {
          "AwsvpcConfiguration": {
            "AssignPublicIp": "DISABLED",
            "SecurityGroups": [
              {
                "Fn::GetAtt": [
                  "A2aUiApiSGE3AD0CFC",
                  "GroupId",
                ],
              },
            ],
            "Subnets": [
              "p-12345",
              "p-67890",
            ],
          },
        },
        "PropagateTags": "SERVICE",
        "ServiceName": "api",
        "TaskDefinition": {
          "Ref": "A2aUiFargateServiceTaskDefF9BAEAFF",
        },
      },
      "Type": "AWS::ECS::Service",
    },
    "A2aUiFargateServiceLBF3F8D114": {
      "Properties": {
        "LoadBalancerAttributes": [
          {
            "Key": "deletion_protection.enabled",
            "Value": "false",
          },
        ],
        "Scheme": "internet-facing",
        "SecurityGroups": [
          {
            "Fn::GetAtt": [
              "A2aUiFargateServiceLBSecurityGroup3D7D3028",
              "GroupId",
            ],
          },
        ],
        "Subnets": [
          "s-12345",
          "s-67890",
        ],
        "Type": "application",
      },
      "Type": "AWS::ElasticLoadBalancingV2::LoadBalancer",
    },
    "A2aUiFargateServiceLBPublicListener44FD8763": {
      "Properties": {
        "Certificates": [
          {
            "CertificateArn": "arn:aws:acm:eu-west-2:553332017094:certificate/4d66a426-7102-4852-91fb-1ba8274f50c2",
          },
        ],
        "DefaultActions": [
          {
            "TargetGroupArn": {
              "Ref": "A2aUiFargateServiceLBPublicListenerECSGroupF6100B60",
            },
            "Type": "forward",
          },
        ],
        "LoadBalancerArn": {
          "Ref": "A2aUiFargateServiceLBF3F8D114",
        },
        "Port": 443,
        "Protocol": "HTTPS",
        "SslPolicy": "ELBSecurityPolicy-TLS13-1-2-2021-06",
      },
      "Type": "AWS::ElasticLoadBalancingV2::Listener",
    },
    "A2aUiFargateServiceLBPublicListenerECSGroupF6100B60": {
      "Properties": {
        "HealthCheckIntervalSeconds": 10,
        "HealthCheckPath": "/api/health",
        "HealthCheckTimeoutSeconds": 5,
        "HealthyThresholdCount": 2,
        "Matcher": {
          "HttpCode": "200-399",
        },
        "Port": 80,
        "Protocol": "HTTP",
        "TargetGroupAttributes": [
          {
            "Key": "stickiness.enabled",
            "Value": "false",
          },
        ],
        "TargetType": "ip",
        "UnhealthyThresholdCount": 3,
        "VpcId": "vpc-12345",
      },
      "Type": "AWS::ElasticLoadBalancingV2::TargetGroup",
    },
    "A2aUiFargateServiceLBPublicRedirectListenerDB2E96FD": {
      "DependsOn": [
        "A2aUiFargateServiceLBPublicListenerECSGroupF6100B60",
        "A2aUiFargateServiceLBPublicListener44FD8763",
      ],
      "Properties": {
        "DefaultActions": [
          {
            "RedirectConfig": {
              "Port": "443",
              "Protocol": "HTTPS",
              "StatusCode": "HTTP_301",
            },
            "Type": "redirect",
          },
        ],
        "LoadBalancerArn": {
          "Ref": "A2aUiFargateServiceLBF3F8D114",
        },
        "Port": 80,
        "Protocol": "HTTP",
      },
      "Type": "AWS::ElasticLoadBalancingV2::Listener",
    },
    "A2aUiFargateServiceLBSecurityGroup3D7D3028": {
      "Properties": {
        "GroupDescription": "Automatically created Security Group for ELB a2auiA2aUiFargateServiceLB742CCBE3",
        "SecurityGroupIngress": [
          {
            "CidrIp": "0.0.0.0/0",
            "Description": "Allow from anyone on port 443",
            "FromPort": 443,
            "IpProtocol": "tcp",
            "ToPort": 443,
          },
          {
            "CidrIp": "0.0.0.0/0",
            "Description": "Allow from anyone on port 80",
            "FromPort": 80,
            "IpProtocol": "tcp",
            "ToPort": 80,
          },
        ],
        "VpcId": "vpc-12345",
      },
      "Type": "AWS::EC2::SecurityGroup",
    },
    "A2aUiFargateServiceLBSecurityGrouptoa2auiA2aUiApiSGF656E7293000EF93E2F4": {
      "Properties": {
        "Description": "Load balancer to target",
        "DestinationSecurityGroupId": {
          "Fn::GetAtt": [
            "A2aUiApiSGE3AD0CFC",
            "GroupId",
          ],
        },
        "FromPort": 3000,
        "GroupId": {
          "Fn::GetAtt": [
            "A2aUiFargateServiceLBSecurityGroup3D7D3028",
            "GroupId",
          ],
        },
        "IpProtocol": "tcp",
        "ToPort": 3000,
      },
      "Type": "AWS::EC2::SecurityGroupEgress",
    },
    "A2aUiFargateServiceTaskDefF9BAEAFF": {
      "Properties": {
        "ContainerDefinitions": [
          {
            "Environment": [
              {
                "Name": "ENV",
                "Value": "staging",
              },
              {
                "Name": "LISTEN_PORT",
                "Value": "3000",
              },
            ],
            "Essential": true,
            "Image": {
              "Fn::Join": [
                "",
                [
                  "553332017094.dkr.ecr.eu-west-2.",
                  {
                    "Ref": "AWS::URLSuffix",
                  },
                  "/a2a/a2a-ui:latest",
                ],
              ],
            },
            "LogConfiguration": {
              "LogDriver": "awsfirelens",
              "Options": {
                "Host": "http-intake.logs.datadoghq.eu",
                "Name": "datadog",
                "TLS": "on",
                "dd_service": "a2a-ui",
                "dd_source": "ecs",
                "dd_tags": "env:staging,region:region,component:a2a-ui",
                "provider": "ecs",
                "retry_limit": "2",
              },
              "SecretOptions": [
                {
                  "Name": "apikey",
                  "ValueFrom": "arn:aws:secretsmanager:eu-west-2:553332017094:secret:DdApiKeySecret-FDLILY",
                },
              ],
            },
            "Name": "a2a",
            "PortMappings": [
              {
                "ContainerPort": 3000,
                "Protocol": "tcp",
              },
            ],
          },
          {
            "Essential": true,
            "FirelensConfiguration": {
              "Type": "fluentbit",
            },
            "Image": {
              "Ref": "SsmParameterValueawsserviceawsforfluentbitlatestC96584B6F00A464EAD1953AFF4B05118Parameter",
            },
            "LogConfiguration": {
              "LogDriver": "awslogs",
              "Options": {
                "awslogs-group": {
                  "Ref": "A2aUiFargateServiceTaskDeflogrouterLogGroup0F9FF23D",
                },
                "awslogs-region": "region",
                "awslogs-stream-prefix": "firelens",
              },
            },
            "MemoryReservation": 50,
            "Name": "log-router",
          },
        ],
        "Cpu": "512",
        "ExecutionRoleArn": {
          "Fn::GetAtt": [
            "A2aUiRole1BDF4470",
            "Arn",
          ],
        },
        "Family": "a2a-ui",
        "Memory": "1024",
        "NetworkMode": "awsvpc",
        "RequiresCompatibilities": [
          "FARGATE",
        ],
        "TaskRoleArn": {
          "Fn::GetAtt": [
            "A2aUiRole1BDF4470",
            "Arn",
          ],
        },
      },
      "Type": "AWS::ECS::TaskDefinition",
    },
    "A2aUiFargateServiceTaskDeflogrouterLogGroup0F9FF23D": {
      "DeletionPolicy": "Retain",
      "Type": "AWS::Logs::LogGroup",
      "UpdateReplacePolicy": "Retain",
    },
    "A2aUiRole1BDF4470": {
      "Properties": {
        "AssumeRolePolicyDocument": {
          "Statement": [
            {
              "Action": "sts:AssumeRole",
              "Effect": "Allow",
              "Principal": {
                "Service": "ecs-tasks.amazonaws.com",
              },
            },
          ],
          "Version": "2012-10-17",
        },
        "Policies": [
          {
            "PolicyDocument": {
              "Statement": [
                {
                  "Action": [
                    "ecr:GetAuthorizationToken",
                    "ecr:BatchCheckLayerAvailability",
                    "ecr:GetDownloadUrlForLayer",
                    "ecr:BatchGetImage",
                    "logs:CreateLogGroup",
                    "logs:CreateLogStream",
                    "logs:PutLogEvents",
                    "logs:DescribeLogStreams",
                  ],
                  "Effect": "Allow",
                  "Resource": "*",
                },
              ],
              "Version": "2012-10-17",
            },
            "PolicyName": "deployment",
          },
        ],
        "Tags": [
          {
            "Key": "aws-cdk:id",
            "Value": "a2a-ui_c8dad2d593bd3acb8767464a30c78c651b78ed107b",
          },
        ],
      },
      "Type": "AWS::IAM::Role",
    },
    "A2aUiRoleDefaultPolicy56621E68": {
      "Properties": {
        "PolicyDocument": {
          "Statement": [
            {
              "Action": [
                "ecr:BatchCheckLayerAvailability",
                "ecr:GetDownloadUrlForLayer",
                "ecr:BatchGetImage",
              ],
              "Effect": "Allow",
              "Resource": "arn:aws:ecr:eu-west-2:553332017094:repository/a2a/a2a-ui",
            },
            {
              "Action": "ecr:GetAuthorizationToken",
              "Effect": "Allow",
              "Resource": "*",
            },
            {
              "Action": [
                "secretsmanager:GetSecretValue",
                "secretsmanager:DescribeSecret",
              ],
              "Effect": "Allow",
              "Resource": "arn:aws:secretsmanager:eu-west-2:553332017094:secret:DdApiKeySecret-FDLILY",
            },
            {
              "Action": [
                "ssmmessages:CreateControlChannel",
                "ssmmessages:CreateDataChannel",
                "ssmmessages:OpenControlChannel",
                "ssmmessages:OpenDataChannel",
              ],
              "Effect": "Allow",
              "Resource": "*",
            },
            {
              "Action": "logs:DescribeLogGroups",
              "Effect": "Allow",
              "Resource": "*",
            },
            {
              "Action": [
                "logs:CreateLogStream",
                "logs:DescribeLogStreams",
                "logs:PutLogEvents",
              ],
              "Effect": "Allow",
              "Resource": "*",
            },
            {
              "Action": [
                "ecr:GetAuthorizationToken",
                "ecr:BatchCheckLayerAvailability",
                "ecr:GetDownloadUrlForLayer",
                "ecr:BatchGetImage",
              ],
              "Effect": "Allow",
              "Resource": "*",
            },
            {
              "Action": [
                "logs:CreateLogStream",
                "logs:PutLogEvents",
              ],
              "Effect": "Allow",
              "Resource": {
                "Fn::GetAtt": [
                  "A2aUiFargateServiceTaskDeflogrouterLogGroup0F9FF23D",
                  "Arn",
                ],
              },
            },
          ],
          "Version": "2012-10-17",
        },
        "PolicyName": "A2aUiRoleDefaultPolicy56621E68",
        "Roles": [
          {
            "Ref": "A2aUiRole1BDF4470",
          },
        ],
      },
      "Type": "AWS::IAM::Policy",
    },
    "ClusterEB0386A7": {
      "Properties": {
        "ClusterName": "a2a",
        "ClusterSettings": [
          {
            "Name": "containerInsights",
            "Value": "enabled",
          },
        ],
      },
      "Type": "AWS::ECS::Cluster",
    },
  },
  "Rules": {
    "CheckBootstrapVersion": {
      "Assertions": [
        {
          "Assert": {
            "Fn::Not": [
              {
                "Fn::Contains": [
                  [
                    "1",
                    "2",
                    "3",
                    "4",
                    "5",
                  ],
                  {
                    "Ref": "BootstrapVersion",
                  },
                ],
              },
            ],
          },
          "AssertDescription": "CDK bootstrap stack version 6 required. Please run 'cdk bootstrap' with a recent version of the CDK CLI.",
        },
      ],
    },
  },
}
`;
